Release 14.7 - xst P.20131013 (nt)
Copyright (c) 1995-2013 Xilinx, Inc.  All rights reserved.
--> Parameter TMPDIR set to xst/projnav.tmp


Total REAL time to Xst completion: 0.00 secs
Total CPU time to Xst completion: 0.08 secs
 
--> Parameter xsthdpdir set to xst


Total REAL time to Xst completion: 0.00 secs
Total CPU time to Xst completion: 0.08 secs
 
--> Reading design: Board232.prj

TABLE OF CONTENTS
  1) Synthesis Options Summary
  2) HDL Compilation
  3) Design Hierarchy Analysis
  4) HDL Analysis
  5) HDL Synthesis
     5.1) HDL Synthesis Report
  6) Advanced HDL Synthesis
     6.1) Advanced HDL Synthesis Report
  7) Low Level Synthesis
  8) Partition Report
  9) Final Report
	9.1) Device utilization summary
	9.2) Partition Resource Summary
	9.3) TIMING REPORT


=========================================================================
*                      Synthesis Options Summary                        *
=========================================================================
---- Source Parameters
Input File Name                    : "Board232.prj"
Input Format                       : mixed
Ignore Synthesis Constraint File   : NO

---- Target Parameters
Output File Name                   : "Board232"
Output Format                      : NGC
Target Device                      : xc3s250e-5-cp132

---- Source Options
Top Module Name                    : Board232
Automatic FSM Extraction           : YES
FSM Encoding Algorithm             : Auto
Safe Implementation                : No
FSM Style                          : LUT
RAM Extraction                     : Yes
RAM Style                          : Auto
ROM Extraction                     : Yes
Mux Style                          : Auto
Decoder Extraction                 : YES
Priority Encoder Extraction        : Yes
Shift Register Extraction          : YES
Logical Shifter Extraction         : YES
XOR Collapsing                     : YES
ROM Style                          : Auto
Mux Extraction                     : Yes
Resource Sharing                   : YES
Asynchronous To Synchronous        : NO
Multiplier Style                   : Auto
Automatic Register Balancing       : No

---- Target Options
Add IO Buffers                     : YES
Global Maximum Fanout              : 500
Add Generic Clock Buffer(BUFG)     : 24
Register Duplication               : YES
Slice Packing                      : YES
Optimize Instantiated Primitives   : NO
Use Clock Enable                   : Yes
Use Synchronous Set                : Yes
Use Synchronous Reset              : Yes
Pack IO Registers into IOBs        : Auto
Equivalent register Removal        : YES

---- General Options
Optimization Goal                  : Speed
Optimization Effort                : 1
Keep Hierarchy                     : No
Netlist Hierarchy                  : As_Optimized
RTL Output                         : Yes
Global Optimization                : AllClockNets
Read Cores                         : YES
Write Timing Constraints           : NO
Cross Clock Analysis               : NO
Hierarchy Separator                : /
Bus Delimiter                      : <>
Case Specifier                     : Maintain
Slice Utilization Ratio            : 100
BRAM Utilization Ratio             : 100
Verilog 2001                       : YES
Auto BRAM Packing                  : NO
Slice Utilization Ratio Delta      : 5

=========================================================================


=========================================================================
*                          HDL Compilation                              *
=========================================================================
Compiling verilog file "lab4_2.v" in library work
Compiling verilog file "Board232.v" in library work
Module <lab4_2> compiled
Module <Board232> compiled
Module <binary_to_BCD> compiled
Module <binary_to_BCD_add3> compiled
No errors in compilation
Analysis of file <"Board232.prj"> succeeded.
 

=========================================================================
*                     Design Hierarchy Analysis                         *
=========================================================================
Analyzing hierarchy for module <Board232> in library <work>.

Analyzing hierarchy for module <lab4_2> in library <work>.

Analyzing hierarchy for module <binary_to_BCD> in library <work>.

Analyzing hierarchy for module <binary_to_BCD_add3> in library <work>.


=========================================================================
*                            HDL Analysis                               *
=========================================================================
Analyzing top module <Board232>.
WARNING:Xst:905 - "Board232.v" line 86: One or more signals are missing in the sensitivity list of always block. To enable synthesis of FPGA/CPLD hardware, XST will assume that all necessary signals are present in the sensitivity list. Please note that the result of the synthesis may differ from the initial design specification. The missing signals are:
   <invalid_diesel_car>, <invalid_setup_params>, <btn>, <n_cars_in_diesel_queue>, <total_diesel_needed>, <diesel_ones>, <diesel_tens>, <invalid_gasoline_car>, <n_cars_in_gasoline_queue>, <total_gasoline_needed>, <gasoline_ones>, <gasoline_tens>, <tmp_digit>
Module <Board232> is correct for synthesis.
 
Analyzing module <lab4_2> in library <work>.
Module <lab4_2> is correct for synthesis.
 
Analyzing module <binary_to_BCD> in library <work>.
Module <binary_to_BCD> is correct for synthesis.
 
Analyzing module <binary_to_BCD_add3> in library <work>.
Module <binary_to_BCD_add3> is correct for synthesis.
 

=========================================================================
*                           HDL Synthesis                               *
=========================================================================

Performing bidirectional port resolution...

Synthesizing Unit <lab4_2>.
    Related source file is "lab4_2.v".
WARNING:Xst:653 - Signal <tmpN<3>> is used but never assigned. This sourceless signal will be automatically connected to value 0.
WARNING:Xst:646 - Signal <tmpN<2:0>> is assigned but never used. This unconnected signal will be trimmed during the optimization process.
WARNING:Xst:653 - Signal <tmpM<3>> is used but never assigned. This sourceless signal will be automatically connected to value 0.
WARNING:Xst:646 - Signal <tmpM<2:0>> is assigned but never used. This unconnected signal will be trimmed during the optimization process.
WARNING:Xst:646 - Signal <flag2> is assigned but never used. This unconnected signal will be trimmed during the optimization process.
WARNING:Xst:646 - Signal <flag> is assigned but never used. This unconnected signal will be trimmed during the optimization process.
    Found 4-bit register for signal <n_cars_in_gasoline_queue>.
    Found 4-bit register for signal <n_cars_in_diesel_queue>.
    Found 8-bit register for signal <total_diesel_needed>.
    Found 6-bit register for signal <pump_status>.
    Found 1-bit register for signal <invalid_diesel_car>.
    Found 1-bit register for signal <is_diesel_queue_not_full>.
    Found 8-bit register for signal <total_gasoline_needed>.
    Found 1-bit register for signal <invalid_setup_params>.
    Found 1-bit register for signal <is_gasoline_queue_not_full>.
    Found 1-bit register for signal <invalid_gasoline_car>.
    Found 4-bit comparator lessequal for signal <invalid_diesel_car$cmp_le0000> created at line 175.
    Found 4-bit comparator lessequal for signal <invalid_diesel_car$cmp_le0001> created at line 175.
    Found 4-bit comparator lessequal for signal <invalid_gasoline_car$cmp_le0000> created at line 143.
    Found 4-bit comparator lessequal for signal <invalid_setup_params$cmp_le0000> created at line 80.
    Found 4-bit comparator greater for signal <is_gasoline_queue_not_full$cmp_gt0000> created at line 143.
    Found 4-bit comparator greater for signal <is_gasoline_queue_not_full$cmp_gt0001> created at line 143.
    Found 4-bit register for signal <m>.
    Found 4-bit comparator greater for signal <mux0000$cmp_gt0000> created at line 118.
    Found 4-bit comparator greater for signal <mux0000$cmp_lt0000> created at line 118.
    Found 4-bit comparator greater for signal <mux0002$cmp_gt0000> created at line 118.
    Found 4-bit comparator greater for signal <mux0002$cmp_lt0000> created at line 118.
    Found 4-bit adder carry out for signal <mux0003$addsub0000> created at line 128.
    Found 4-bit comparator lessequal for signal <mux0003$cmp_ge0000> created at line 128.
    Found 4-bit comparator greater for signal <mux0003$cmp_gt0000> created at line 128.
    Found 5-bit comparator greater for signal <mux0003$cmp_lt0000> created at line 128.
    Found 4-bit comparator greater for signal <mux0005$cmp_gt0000> created at line 118.
    Found 4-bit comparator greater for signal <mux0005$cmp_lt0000> created at line 118.
    Found 4-bit comparator lessequal for signal <mux0006$cmp_ge0000> created at line 128.
    Found 4-bit comparator greater for signal <mux0006$cmp_gt0000> created at line 128.
    Found 5-bit comparator greater for signal <mux0006$cmp_lt0000> created at line 128.
    Found 4-bit comparator greater for signal <mux0008$cmp_gt0000> created at line 118.
    Found 4-bit comparator greater for signal <mux0008$cmp_lt0000> created at line 118.
    Found 4-bit comparator lessequal for signal <mux0009$cmp_ge0000> created at line 128.
    Found 4-bit comparator greater for signal <mux0009$cmp_gt0000> created at line 128.
    Found 5-bit comparator greater for signal <mux0009$cmp_lt0000> created at line 128.
    Found 4-bit comparator greater for signal <mux0011$cmp_gt0000> created at line 118.
    Found 4-bit comparator greater for signal <mux0011$cmp_lt0000> created at line 118.
    Found 4-bit comparator lessequal for signal <mux0012$cmp_ge0000> created at line 128.
    Found 4-bit comparator greater for signal <mux0012$cmp_gt0000> created at line 128.
    Found 5-bit comparator greater for signal <mux0012$cmp_lt0000> created at line 128.
    Found 4-bit comparator greater for signal <mux0014$cmp_gt0000> created at line 118.
    Found 4-bit comparator greater for signal <mux0014$cmp_lt0000> created at line 118.
    Found 4-bit comparator lessequal for signal <mux0015$cmp_ge0000> created at line 128.
    Found 4-bit comparator greater for signal <mux0015$cmp_gt0000> created at line 128.
    Found 5-bit comparator greater for signal <mux0015$cmp_lt0000> created at line 128.
    Found 4-bit comparator lessequal for signal <mux0022$cmp_ge0000> created at line 128.
    Found 4-bit comparator greater for signal <mux0022$cmp_gt0000> created at line 128.
    Found 5-bit comparator greater for signal <mux0022$cmp_lt0000> created at line 128.
    Found 4-bit register for signal <n>.
    Found 4-bit adder for signal <n_cars_in_diesel_queue$addsub0000> created at line 253.
    Found 4-bit comparator greater for signal <n_cars_in_diesel_queue$cmp_gt0000> created at line 251.
    Found 4-bit adder for signal <n_cars_in_gasoline_queue$addsub0000> created at line 228.
    Found 4-bit comparator greater for signal <n_cars_in_gasoline_queue$cmp_gt0000> created at line 226.
    Found 4-bit adder for signal <old_n_42$add0000> created at line 80.
    Found 4-bit comparator greater for signal <old_n_42$cmp_gt0000> created at line 80.
    Found 4-bit comparator greater for signal <old_n_cars_in_diesel_queue_69$cmp_gt0000> created at line 251.
    Found 4-bit adder for signal <old_n_cars_in_diesel_queue_72$addsub0000> created at line 253.
    Found 4-bit comparator greater for signal <old_n_cars_in_diesel_queue_72$cmp_gt0000> created at line 251.
    Found 4-bit adder for signal <old_n_cars_in_diesel_queue_75$addsub0000> created at line 253.
    Found 4-bit comparator greater for signal <old_n_cars_in_diesel_queue_75$cmp_gt0000> created at line 251.
    Found 4-bit adder for signal <old_n_cars_in_diesel_queue_78$addsub0000> created at line 253.
    Found 4-bit comparator greater for signal <old_n_cars_in_diesel_queue_78$cmp_gt0000> created at line 251.
    Found 4-bit adder for signal <old_n_cars_in_diesel_queue_81$addsub0000> created at line 253.
    Found 4-bit comparator greater for signal <old_n_cars_in_diesel_queue_81$cmp_gt0000> created at line 251.
    Found 4-bit adder for signal <old_n_cars_in_diesel_queue_83$addsub0000> created at line 253.
    Found 4-bit comparator greater for signal <old_n_cars_in_diesel_queue_83$cmp_gt0000> created at line 251.
    Found 4-bit adder for signal <old_n_cars_in_diesel_queue_85$addsub0000> created at line 253.
    Found 4-bit comparator greater for signal <old_n_cars_in_diesel_queue_85$cmp_gt0000> created at line 251.
    Found 4-bit comparator greater for signal <old_n_cars_in_gasoline_queue_47$cmp_gt0000> created at line 226.
    Found 4-bit adder for signal <old_n_cars_in_gasoline_queue_50$addsub0000> created at line 228.
    Found 4-bit comparator greater for signal <old_n_cars_in_gasoline_queue_50$cmp_gt0000> created at line 226.
    Found 4-bit adder for signal <old_n_cars_in_gasoline_queue_53$addsub0000> created at line 228.
    Found 4-bit comparator greater for signal <old_n_cars_in_gasoline_queue_53$cmp_gt0000> created at line 226.
    Found 4-bit adder for signal <old_n_cars_in_gasoline_queue_56$addsub0000> created at line 228.
    Found 4-bit comparator greater for signal <old_n_cars_in_gasoline_queue_56$cmp_gt0000> created at line 226.
    Found 4-bit adder for signal <old_n_cars_in_gasoline_queue_59$addsub0000> created at line 228.
    Found 4-bit comparator greater for signal <old_n_cars_in_gasoline_queue_59$cmp_gt0000> created at line 226.
    Found 4-bit adder for signal <old_n_cars_in_gasoline_queue_61$addsub0000> created at line 228.
    Found 4-bit comparator greater for signal <old_n_cars_in_gasoline_queue_61$cmp_gt0000> created at line 226.
    Found 4-bit adder for signal <old_n_cars_in_gasoline_queue_63$addsub0000> created at line 228.
    Found 4-bit comparator greater for signal <old_n_cars_in_gasoline_queue_63$cmp_gt0000> created at line 226.
    Found 4-bit adder carry out for signal <old_total_diesel_needed_66$addsub0000> created at line 246.
    Found 4-bit comparator lessequal for signal <old_total_diesel_needed_66$cmp_ge0000> created at line 246.
    Found 5-bit comparator greater for signal <old_total_diesel_needed_66$cmp_lt0000> created at line 246.
    Found 8-bit adder for signal <old_total_diesel_needed_68$addsub0000> created at line 248.
    Found 4-bit comparator lessequal for signal <old_total_diesel_needed_68$cmp_ge0000> created at line 246.
    Found 5-bit comparator greater for signal <old_total_diesel_needed_68$cmp_lt0000> created at line 246.
    Found 8-bit adder for signal <old_total_diesel_needed_71$addsub0000> created at line 248.
    Found 4-bit comparator lessequal for signal <old_total_diesel_needed_71$cmp_ge0000> created at line 246.
    Found 5-bit comparator greater for signal <old_total_diesel_needed_71$cmp_lt0000> created at line 246.
    Found 8-bit adder for signal <old_total_diesel_needed_74$addsub0000> created at line 248.
    Found 4-bit comparator lessequal for signal <old_total_diesel_needed_74$cmp_ge0000> created at line 246.
    Found 5-bit comparator greater for signal <old_total_diesel_needed_74$cmp_lt0000> created at line 246.
    Found 8-bit adder for signal <old_total_diesel_needed_77$addsub0000> created at line 248.
    Found 4-bit comparator lessequal for signal <old_total_diesel_needed_77$cmp_ge0000> created at line 246.
    Found 5-bit comparator greater for signal <old_total_diesel_needed_77$cmp_lt0000> created at line 246.
    Found 8-bit adder for signal <old_total_diesel_needed_80$addsub0000> created at line 248.
    Found 4-bit comparator lessequal for signal <old_total_diesel_needed_80$cmp_ge0000> created at line 246.
    Found 5-bit comparator greater for signal <old_total_diesel_needed_80$cmp_lt0000> created at line 246.
    Found 4-bit comparator greater for signal <old_total_gasoline_needed_44$cmp_lt0000> created at line 221.
    Found 8-bit adder for signal <old_total_gasoline_needed_46$addsub0000> created at line 223.
    Found 4-bit comparator greater for signal <old_total_gasoline_needed_46$cmp_lt0000> created at line 221.
    Found 8-bit adder for signal <old_total_gasoline_needed_49$addsub0000> created at line 223.
    Found 4-bit comparator greater for signal <old_total_gasoline_needed_49$cmp_lt0000> created at line 221.
    Found 8-bit adder for signal <old_total_gasoline_needed_52$addsub0000> created at line 223.
    Found 4-bit comparator greater for signal <old_total_gasoline_needed_52$cmp_lt0000> created at line 221.
    Found 8-bit adder for signal <old_total_gasoline_needed_55$addsub0000> created at line 223.
    Found 4-bit comparator greater for signal <old_total_gasoline_needed_55$cmp_lt0000> created at line 221.
    Found 8-bit adder for signal <old_total_gasoline_needed_58$addsub0000> created at line 223.
    Found 4-bit comparator greater for signal <old_total_gasoline_needed_58$cmp_lt0000> created at line 221.
    Found 24-bit register for signal <pumps>.
    Found 32-bit register for signal <queueDiesel>.
    Found 32-bit register for signal <queueGasoline>.
    Found 1-bit register for signal <setup>.
    Found 8-bit adder for signal <total_diesel_needed$add0000> created at line 250.
    Found 8-bit adder for signal <total_gasoline_needed$add0000> created at line 225.
    Found 4-bit comparator greater for signal <total_gasoline_needed$cmp_gt0000> created at line 111.
    Found 4-bit comparator greater for signal <total_gasoline_needed$cmp_gt0001> created at line 175.
    Found 4-bit comparator greater for signal <total_gasoline_needed$cmp_gt0002> created at line 111.
    Found 4-bit comparator greater for signal <total_gasoline_needed$cmp_gt0003> created at line 111.
    Found 4-bit comparator greater for signal <total_gasoline_needed$cmp_gt0004> created at line 111.
    Found 4-bit comparator greater for signal <total_gasoline_needed$cmp_gt0005> created at line 111.
    Found 4-bit comparator greater for signal <total_gasoline_needed$cmp_gt0006> created at line 111.
    Found 4-bit subtractor for signal <total_gasoline_needed$share0000>.
    Found 4-bit subtractor for signal <total_gasoline_needed$share0001>.
    Found 4-bit subtractor for signal <total_gasoline_needed$share0002>.
    Found 4-bit subtractor for signal <total_gasoline_needed$share0003>.
    Found 4-bit subtractor for signal <total_gasoline_needed$share0004>.
    Found 4-bit subtractor for signal <total_gasoline_needed$share0005>.
    Summary:
	inferred 132 D-type flip-flop(s).
	inferred  49 Adder/Subtractor(s).
	inferred  78 Comparator(s).
Unit <lab4_2> synthesized.


Synthesizing Unit <binary_to_BCD_add3>.
    Related source file is "Board232.v".
    Found 16x4-bit ROM for signal <out>.
    Summary:
	inferred   1 ROM(s).
Unit <binary_to_BCD_add3> synthesized.


Synthesizing Unit <binary_to_BCD>.
    Related source file is "Board232.v".
Unit <binary_to_BCD> synthesized.


Synthesizing Unit <Board232>.
    Related source file is "Board232.v".
WARNING:Xst:647 - Input <btn<2>> is never used. This port will be preserved and left unconnected if it belongs to a top-level block or it belongs to a sub-block and the hierarchy of this sub-block is preserved.
WARNING:Xst:646 - Signal <tmp_digit> is assigned but never used. This unconnected signal will be trimmed during the optimization process.
WARNING:Xst:646 - Signal <gasoline_hundreds> is assigned but never used. This unconnected signal will be trimmed during the optimization process.
WARNING:Xst:646 - Signal <diesel_hundreds> is assigned but never used. This unconnected signal will be trimmed during the optimization process.
    Found 16x7-bit ROM for signal <seg>.
    Found 1-of-4 decoder for signal <an>.
    Found 1-bit 4-to-1 multiplexer for signal <dp>.
    Found 27-bit up counter for signal <mclk_counter>.
    Found 19-bit up counter for signal <sevenseg_refresh_counter>.
    Summary:
	inferred   1 ROM(s).
	inferred   2 Counter(s).
	inferred   5 Multiplexer(s).
	inferred   1 Decoder(s).
Unit <Board232> synthesized.

INFO:Xst:1767 - HDL ADVISOR - Resource sharing has identified that some arithmetic operations in this design can share the same physical resources for reduced device utilization. For improved clock frequency you may try to disable resource sharing.

=========================================================================
HDL Synthesis Report

Macro Statistics
# ROMs                                                 : 15
 16x4-bit ROM                                          : 14
 16x7-bit ROM                                          : 1
# Adders/Subtractors                                   : 49
 4-bit adder                                           : 15
 4-bit adder carry out                                 : 2
 4-bit subtractor                                      : 6
 8-bit adder                                           : 26
# Counters                                             : 2
 19-bit up counter                                     : 1
 27-bit up counter                                     : 1
# Registers                                            : 40
 1-bit register                                        : 12
 4-bit register                                        : 26
 8-bit register                                        : 2
# Comparators                                          : 78
 4-bit comparator greater                              : 50
 4-bit comparator lessequal                            : 16
 5-bit comparator greater                              : 12
# Multiplexers                                         : 2
 1-bit 4-to-1 multiplexer                              : 1
 4-bit 4-to-1 multiplexer                              : 1
# Decoders                                             : 1
 1-of-4 decoder                                        : 1

=========================================================================

=========================================================================
*                       Advanced HDL Synthesis                          *
=========================================================================

WARNING:Xst:1426 - The value init of the FF/Latch setup hinder the constant cleaning in the block HH.
   You should achieve better results by setting this init to 1.
WARNING:Xst:1293 - FF/Latch <n_3> has a constant value of 0 in block <HH>. This FF/Latch will be trimmed during the optimization process.
WARNING:Xst:1293 - FF/Latch <m_3> has a constant value of 0 in block <HH>. This FF/Latch will be trimmed during the optimization process.

=========================================================================
Advanced HDL Synthesis Report

Macro Statistics
# ROMs                                                 : 15
 16x4-bit ROM                                          : 14
 16x7-bit ROM                                          : 1
# Adders/Subtractors                                   : 49
 4-bit adder                                           : 15
 4-bit adder carry out                                 : 2
 4-bit subtractor                                      : 6
 8-bit adder                                           : 26
# Counters                                             : 2
 19-bit up counter                                     : 1
 27-bit up counter                                     : 1
# Registers                                            : 132
 Flip-Flops                                            : 132
# Comparators                                          : 78
 4-bit comparator greater                              : 50
 4-bit comparator lessequal                            : 16
 5-bit comparator greater                              : 12
# Multiplexers                                         : 2
 1-bit 4-to-1 multiplexer                              : 1
 4-bit 4-to-1 multiplexer                              : 1
# Decoders                                             : 1
 1-of-4 decoder                                        : 1

=========================================================================

=========================================================================
*                         Low Level Synthesis                           *
=========================================================================
WARNING:Xst:1426 - The value init of the FF/Latch setup hinder the constant cleaning in the block lab4_2.
   You should achieve better results by setting this init to 1.
WARNING:Xst:1293 - FF/Latch <n_3> has a constant value of 0 in block <lab4_2>. This FF/Latch will be trimmed during the optimization process.
WARNING:Xst:1896 - Due to other FF/Latch trimming, FF/Latch <m_3> has a constant value of 0 in block <lab4_2>. This FF/Latch will be trimmed during the optimization process.
WARNING:Xst:2677 - Node <mclk_counter_24> of sequential type is unconnected in block <Board232>.
WARNING:Xst:2677 - Node <mclk_counter_25> of sequential type is unconnected in block <Board232>.
WARNING:Xst:2677 - Node <mclk_counter_26> of sequential type is unconnected in block <Board232>.

Optimizing unit <Board232> ...

Optimizing unit <lab4_2> ...

Mapping all equations...
Building and optimizing final netlist ...
Found area constraint ratio of 100 (+ 5) on block Board232, actual ratio is 35.
FlipFlop HH/n_0 has been replicated 1 time(s)
FlipFlop HH/n_1 has been replicated 1 time(s)
FlipFlop HH/n_2 has been replicated 1 time(s)
FlipFlop HH/pump_status_0 has been replicated 1 time(s)

Final Macro Processing ...

=========================================================================
Final Register Report

Macro Statistics
# Registers                                            : 177
 Flip-Flops                                            : 177

=========================================================================

=========================================================================
*                           Partition Report                            *
=========================================================================

Partition Implementation Status
-------------------------------

  No Partitions were found in this design.

-------------------------------

=========================================================================
*                            Final Report                               *
=========================================================================
Final Results
RTL Top Level Output File Name     : Board232.ngr
Top Level Output File Name         : Board232
Output Format                      : NGC
Optimization Goal                  : Speed
Keep Hierarchy                     : No

Design Statistics
# IOs                              : 43

Cell Usage :
# BELS                             : 2166
#      GND                         : 1
#      INV                         : 2
#      LUT1                        : 77
#      LUT2                        : 154
#      LUT2_D                      : 14
#      LUT2_L                      : 3
#      LUT3                        : 230
#      LUT3_D                      : 46
#      LUT3_L                      : 25
#      LUT4                        : 859
#      LUT4_D                      : 184
#      LUT4_L                      : 91
#      MUXCY                       : 189
#      MUXF5                       : 79
#      VCC                         : 1
#      XORCY                       : 211
# FlipFlops/Latches                : 177
#      FD                          : 76
#      FDE                         : 65
#      FDR                         : 12
#      FDS                         : 24
# Clock Buffers                    : 2
#      BUFG                        : 1
#      BUFGP                       : 1
# IO Buffers                       : 41
#      IBUF                        : 11
#      OBUF                        : 30
=========================================================================

Device utilization summary:
---------------------------

Selected Device : 3s250ecp132-5 

 Number of Slices:                      903  out of   2448    36%  
 Number of Slice Flip Flops:            177  out of   4896     3%  
 Number of 4 input LUTs:               1685  out of   4896    34%  
 Number of IOs:                          43
 Number of bonded IOBs:                  42  out of     92    45%  
 Number of GCLKs:                         2  out of     24     8%  

---------------------------
Partition Resource Summary:
---------------------------

  No Partitions were found in this design.

---------------------------


=========================================================================
TIMING REPORT

NOTE: THESE TIMING NUMBERS ARE ONLY A SYNTHESIS ESTIMATE.
      FOR ACCURATE TIMING INFORMATION PLEASE REFER TO THE TRACE REPORT
      GENERATED AFTER PLACE-and-ROUTE.

Clock Information:
------------------
-----------------------------------+----------------------------------+-------+
Clock Signal                       | Clock buffer(FF name)            | Load  |
-----------------------------------+----------------------------------+-------+
mclk                               | BUFGP                            | 43    |
clk1(clk1:O)                       | BUFG(*)(HH/total_diesel_needed_7)| 134   |
-----------------------------------+----------------------------------+-------+
(*) This 1 clock signal(s) are generated by combinatorial logic,
and XST is not able to identify which are the primary clock signals.
Please use the CLOCK_SIGNAL constraint to specify the clock signal(s) generated by combinatorial logic.

Asynchronous Control Signals Information:
----------------------------------------
No asynchronous control signals found in this design

Timing Summary:
---------------
Speed Grade: -5

   Minimum period: 42.943ns (Maximum Frequency: 23.287MHz)
   Minimum input arrival time before clock: 38.633ns
   Maximum output required time after clock: 12.956ns
   Maximum combinational path delay: 10.340ns

Timing Detail:
--------------
All values displayed in nanoseconds (ns)

=========================================================================
Timing constraint: Default period analysis for Clock 'mclk'
  Clock period: 4.088ns (frequency: 244.648MHz)
  Total number of paths / destination ports: 490 / 43
-------------------------------------------------------------------------
Delay:               4.088ns (Levels of Logic = 24)
  Source:            mclk_counter_1 (FF)
  Destination:       mclk_counter_23 (FF)
  Source Clock:      mclk rising
  Destination Clock: mclk rising

  Data Path: mclk_counter_1 to mclk_counter_23
                                Gate     Net
    Cell:in->out      fanout   Delay   Delay  Logical Name (Net Name)
    ----------------------------------------  ------------
     FD:C->Q               1   0.514   0.509  mclk_counter_1 (mclk_counter_1)
     LUT1:I0->O            1   0.612   0.000  Mcount_mclk_counter_cy<1>_rt (Mcount_mclk_counter_cy<1>_rt)
     MUXCY:S->O            1   0.404   0.000  Mcount_mclk_counter_cy<1> (Mcount_mclk_counter_cy<1>)
     MUXCY:CI->O           1   0.052   0.000  Mcount_mclk_counter_cy<2> (Mcount_mclk_counter_cy<2>)
     MUXCY:CI->O           1   0.051   0.000  Mcount_mclk_counter_cy<3> (Mcount_mclk_counter_cy<3>)
     MUXCY:CI->O           1   0.051   0.000  Mcount_mclk_counter_cy<4> (Mcount_mclk_counter_cy<4>)
     MUXCY:CI->O           1   0.051   0.000  Mcount_mclk_counter_cy<5> (Mcount_mclk_counter_cy<5>)
     MUXCY:CI->O           1   0.051   0.000  Mcount_mclk_counter_cy<6> (Mcount_mclk_counter_cy<6>)
     MUXCY:CI->O           1   0.051   0.000  Mcount_mclk_counter_cy<7> (Mcount_mclk_counter_cy<7>)
     MUXCY:CI->O           1   0.051   0.000  Mcount_mclk_counter_cy<8> (Mcount_mclk_counter_cy<8>)
     MUXCY:CI->O           1   0.051   0.000  Mcount_mclk_counter_cy<9> (Mcount_mclk_counter_cy<9>)
     MUXCY:CI->O           1   0.051   0.000  Mcount_mclk_counter_cy<10> (Mcount_mclk_counter_cy<10>)
     MUXCY:CI->O           1   0.051   0.000  Mcount_mclk_counter_cy<11> (Mcount_mclk_counter_cy<11>)
     MUXCY:CI->O           1   0.051   0.000  Mcount_mclk_counter_cy<12> (Mcount_mclk_counter_cy<12>)
     MUXCY:CI->O           1   0.051   0.000  Mcount_mclk_counter_cy<13> (Mcount_mclk_counter_cy<13>)
     MUXCY:CI->O           1   0.051   0.000  Mcount_mclk_counter_cy<14> (Mcount_mclk_counter_cy<14>)
     MUXCY:CI->O           1   0.051   0.000  Mcount_mclk_counter_cy<15> (Mcount_mclk_counter_cy<15>)
     MUXCY:CI->O           1   0.051   0.000  Mcount_mclk_counter_cy<16> (Mcount_mclk_counter_cy<16>)
     MUXCY:CI->O           1   0.051   0.000  Mcount_mclk_counter_cy<17> (Mcount_mclk_counter_cy<17>)
     MUXCY:CI->O           1   0.051   0.000  Mcount_mclk_counter_cy<18> (Mcount_mclk_counter_cy<18>)
     MUXCY:CI->O           1   0.051   0.000  Mcount_mclk_counter_cy<19> (Mcount_mclk_counter_cy<19>)
     MUXCY:CI->O           1   0.051   0.000  Mcount_mclk_counter_cy<20> (Mcount_mclk_counter_cy<20>)
     MUXCY:CI->O           1   0.051   0.000  Mcount_mclk_counter_cy<21> (Mcount_mclk_counter_cy<21>)
     MUXCY:CI->O           0   0.051   0.000  Mcount_mclk_counter_cy<22> (Mcount_mclk_counter_cy<22>)
     XORCY:CI->O           1   0.699   0.000  Mcount_mclk_counter_xor<23> (Result<23>)
     FD:D                      0.268          mclk_counter_23
    ----------------------------------------
    Total                      4.088ns (3.579ns logic, 0.509ns route)
                                       (87.5% logic, 12.5% route)

=========================================================================
Timing constraint: Default period analysis for Clock 'clk1'
  Clock period: 42.943ns (frequency: 23.287MHz)
  Total number of paths / destination ports: 4789340726493 / 229
-------------------------------------------------------------------------
Delay:               42.943ns (Levels of Logic = 48)
  Source:            HH/m_2 (FF)
  Destination:       HH/total_gasoline_needed_7 (FF)
  Source Clock:      clk1 rising
  Destination Clock: clk1 rising

  Data Path: HH/m_2 to HH/total_gasoline_needed_7
                                Gate     Net
    Cell:in->out      fanout   Delay   Delay  Logical Name (Net Name)
    ----------------------------------------  ------------
     FD:C->Q              12   0.514   0.969  HH/m_2 (HH/m_2)
     LUT3_D:I0->LO         1   0.612   0.103  HH/total_gasoline_needed_cmp_eq00001 (N1224)
     LUT4:I3->O           12   0.612   0.820  HH/mux0003_and00002_1 (HH/mux0003_and00002)
     LUT4:I3->O            8   0.612   0.673  HH/mux0006_and00001_1 (HH/mux0006_and00001)
     LUT3:I2->O            4   0.612   0.651  HH/_mux0006<2> (HH/_mux0006<2>)
     LUT4_D:I0->O         10   0.612   0.753  HH/mux0009_and000021_1 (HH/mux0009_and000021)
     LUT4_D:I3->O          5   0.612   0.568  HH/_mux0009<0>60 (HH/_mux0009<0>)
     LUT4:I2->O           16   0.612   0.882  HH/mux0015_and000011_1 (HH/mux0015_and000011)
     LUT4:I3->O            4   0.612   0.529  HH/_mux0015<2>_SW1 (N214)
     LUT4:I2->O            9   0.612   0.700  HH/_old_flag_341_SW2 (N694)
     LUT4:I3->O            1   0.612   0.426  HH/mux0022_and0000_SW4_G (N906)
     LUT4:I1->O            1   0.612   0.000  HH/total_gasoline_needed_mux0000<1>212_F (N1151)
     MUXF5:I0->O           8   0.278   0.646  HH/total_gasoline_needed_mux0000<1>212 (HH/N272)
     LUT4:I3->O            5   0.612   0.541  HH/total_gasoline_needed_mux0000<1>21 (HH/N117)
     LUT4:I3->O            1   0.612   0.387  HH/total_gasoline_needed_mux0000<0>66_SW0 (N864)
     LUT4:I2->O            1   0.612   0.426  HH/Madd__old_total_gasoline_needed_45_lut<0>1 (HH/Madd__old_total_gasoline_needed_45_lut<0>)
     LUT2:I1->O            1   0.612   0.000  HH/Madd_old_total_gasoline_needed_46_addsub0000_lut<0> (HH/Madd_old_total_gasoline_needed_46_addsub0000_lut<0>)
     XORCY:LI->O           1   0.458   0.360  HH/Madd_old_total_gasoline_needed_46_addsub0000_xor<0> (HH/old_total_gasoline_needed_46_addsub0000<0>)
     LUT4:I3->O            1   0.612   0.426  HH/_old_total_gasoline_needed_46<0>1 (HH/_old_total_gasoline_needed_46<0>)
     LUT2:I1->O            1   0.612   0.000  HH/Madd__old_total_gasoline_needed_48_lut<0> (HH/Madd__old_total_gasoline_needed_48_lut<0>)
     XORCY:LI->O           2   0.458   0.449  HH/Madd__old_total_gasoline_needed_48_xor<0> (HH/_old_total_gasoline_needed_48<0>)
     LUT2:I1->O            1   0.612   0.000  HH/Madd_old_total_gasoline_needed_49_addsub0000_lut<0> (HH/Madd_old_total_gasoline_needed_49_addsub0000_lut<0>)
     XORCY:LI->O           1   0.458   0.360  HH/Madd_old_total_gasoline_needed_49_addsub0000_xor<0> (HH/old_total_gasoline_needed_49_addsub0000<0>)
     LUT4:I3->O            1   0.612   0.426  HH/_old_total_gasoline_needed_49<0>1 (HH/_old_total_gasoline_needed_49<0>)
     LUT2:I1->O            1   0.612   0.000  HH/Madd__old_total_gasoline_needed_51_lut<0> (HH/Madd__old_total_gasoline_needed_51_lut<0>)
     XORCY:LI->O           2   0.458   0.383  HH/Madd__old_total_gasoline_needed_51_xor<0> (HH/_old_total_gasoline_needed_51<0>)
     LUT4:I3->O            1   0.612   0.000  HH/Madd_old_total_gasoline_needed_52_addsub0000_lut<0> (HH/Madd_old_total_gasoline_needed_52_addsub0000_lut<0>)
     XORCY:LI->O           1   0.458   0.387  HH/Madd_old_total_gasoline_needed_52_addsub0000_xor<0> (HH/old_total_gasoline_needed_52_addsub0000<0>)
     LUT3:I2->O            1   0.612   0.426  HH/_old_total_gasoline_needed_52<0>1 (HH/_old_total_gasoline_needed_52<0>)
     LUT2:I1->O            1   0.612   0.000  HH/Madd__old_total_gasoline_needed_54_lut<0> (HH/Madd__old_total_gasoline_needed_54_lut<0>)
     MUXCY:S->O            1   0.404   0.000  HH/Madd__old_total_gasoline_needed_54_cy<0> (HH/Madd__old_total_gasoline_needed_54_cy<0>)
     XORCY:CI->O           3   0.699   0.520  HH/Madd__old_total_gasoline_needed_54_xor<1> (HH/_old_total_gasoline_needed_54<1>)
     LUT2:I1->O            1   0.612   0.000  HH/Madd_old_total_gasoline_needed_55_addsub0000_lut<1> (HH/Madd_old_total_gasoline_needed_55_addsub0000_lut<1>)
     MUXCY:S->O            1   0.404   0.000  HH/Madd_old_total_gasoline_needed_55_addsub0000_cy<1> (HH/Madd_old_total_gasoline_needed_55_addsub0000_cy<1>)
     XORCY:CI->O           2   0.699   0.383  HH/Madd_old_total_gasoline_needed_55_addsub0000_xor<2> (HH/old_total_gasoline_needed_55_addsub0000<2>)
     LUT4:I3->O            0   0.612   0.000  HH/_old_total_gasoline_needed_55<2>1 (HH/_old_total_gasoline_needed_55<2>)
     MUXCY:DI->O           1   0.773   0.000  HH/Madd__old_total_gasoline_needed_57_cy<2> (HH/Madd__old_total_gasoline_needed_57_cy<2>)
     XORCY:CI->O           2   0.699   0.383  HH/Madd__old_total_gasoline_needed_57_xor<3> (HH/_old_total_gasoline_needed_57<3>)
     LUT4:I3->O            1   0.612   0.000  HH/Madd_old_total_gasoline_needed_58_addsub0000_lut<3> (HH/Madd_old_total_gasoline_needed_58_addsub0000_lut<3>)
     MUXCY:S->O            1   0.404   0.000  HH/Madd_old_total_gasoline_needed_58_addsub0000_cy<3> (HH/Madd_old_total_gasoline_needed_58_addsub0000_cy<3>)
     XORCY:CI->O           1   0.699   0.360  HH/Madd_old_total_gasoline_needed_58_addsub0000_xor<4> (HH/old_total_gasoline_needed_58_addsub0000<4>)
     LUT4:I3->O            1   0.612   0.360  HH/_old_total_gasoline_needed_58<4>1 (HH/_old_total_gasoline_needed_58<4>)
     LUT4:I3->O            1   0.612   0.000  HH/Madd__old_total_gasoline_needed_62_Madd_lut<4> (HH/Madd__old_total_gasoline_needed_62_Madd_lut<4>)
     MUXCY:S->O            1   0.404   0.000  HH/Madd__old_total_gasoline_needed_62_Madd_cy<4> (HH/Madd__old_total_gasoline_needed_62_Madd_cy<4>)
     MUXCY:CI->O           1   0.052   0.000  HH/Madd__old_total_gasoline_needed_62_Madd_cy<5> (HH/Madd__old_total_gasoline_needed_62_Madd_cy<5>)
     XORCY:CI->O           1   0.699   0.509  HH/Madd__old_total_gasoline_needed_62_Madd_xor<6> (HH/_old_total_gasoline_needed_62<6>)
     LUT1:I0->O            1   0.612   0.000  HH/Madd_total_gasoline_needed_add0000_cy<6>_rt (HH/Madd_total_gasoline_needed_add0000_cy<6>_rt)
     MUXCY:S->O            0   0.404   0.000  HH/Madd_total_gasoline_needed_add0000_cy<6> (HH/Madd_total_gasoline_needed_add0000_cy<6>)
     XORCY:CI->O           1   0.699   0.000  HH/Madd_total_gasoline_needed_add0000_xor<7> (HH/total_gasoline_needed_add0000<7>)
     FDS:D                     0.268          HH/total_gasoline_needed_7
    ----------------------------------------
    Total                     42.943ns (28.136ns logic, 14.806ns route)
                                       (65.5% logic, 34.5% route)

=========================================================================
Timing constraint: Default OFFSET IN BEFORE for Clock 'clk1'
  Total number of paths / destination ports: 3586402550 / 231
-------------------------------------------------------------------------
Offset:              38.633ns (Levels of Logic = 45)
  Source:            sw<7> (PAD)
  Destination:       HH/total_gasoline_needed_7 (FF)
  Destination Clock: clk1 rising

  Data Path: sw<7> to HH/total_gasoline_needed_7
                                Gate     Net
    Cell:in->out      fanout   Delay   Delay  Logical Name (Net Name)
    ----------------------------------------  ------------
     IBUF:I->O            29   1.106   1.224  sw_7_IBUF (sw_7_IBUF)
     LUT2:I0->O            3   0.612   0.603  HH/Madd_old_n_42_add0000_lut<2>1 (HH/Madd_old_n_42_add0000_lut<2>)
     LUT4:I0->O            3   0.612   0.454  HH/_old_n_42<2>311 (HH/N1071)
     LUT4:I3->O           34   0.612   1.103  HH/_old_m_64<0>11 (HH/N282)
     LUT3:I2->O          132   0.612   1.252  HH/queueGasoline_0_not00011 (HH/queueGasoline_0_not0001)
     LUT3:I0->O            4   0.612   0.651  HH/total_gasoline_needed_mux0000<0>1_SW1 (N650)
     LUT4:I0->O            1   0.612   0.000  HH/total_gasoline_needed_mux0000<1>112_SW5_F (N899)
     MUXF5:I0->O           1   0.278   0.426  HH/total_gasoline_needed_mux0000<1>112_SW5 (N750)
     LUT4:I1->O            3   0.612   0.454  HH/_old_total_gasoline_needed_44<0>1_SW0 (N566)
     LUT4:I3->O            1   0.612   0.000  HH/total_gasoline_needed_mux0000<0>66_SW1_G (N918)
     MUXF5:I1->O           1   0.278   0.360  HH/total_gasoline_needed_mux0000<0>66_SW1 (N865)
     LUT4:I3->O            1   0.612   0.426  HH/Madd__old_total_gasoline_needed_45_lut<0>1 (HH/Madd__old_total_gasoline_needed_45_lut<0>)
     LUT2:I1->O            1   0.612   0.000  HH/Madd_old_total_gasoline_needed_46_addsub0000_lut<0> (HH/Madd_old_total_gasoline_needed_46_addsub0000_lut<0>)
     XORCY:LI->O           1   0.458   0.360  HH/Madd_old_total_gasoline_needed_46_addsub0000_xor<0> (HH/old_total_gasoline_needed_46_addsub0000<0>)
     LUT4:I3->O            1   0.612   0.426  HH/_old_total_gasoline_needed_46<0>1 (HH/_old_total_gasoline_needed_46<0>)
     LUT2:I1->O            1   0.612   0.000  HH/Madd__old_total_gasoline_needed_48_lut<0> (HH/Madd__old_total_gasoline_needed_48_lut<0>)
     XORCY:LI->O           2   0.458   0.449  HH/Madd__old_total_gasoline_needed_48_xor<0> (HH/_old_total_gasoline_needed_48<0>)
     LUT2:I1->O            1   0.612   0.000  HH/Madd_old_total_gasoline_needed_49_addsub0000_lut<0> (HH/Madd_old_total_gasoline_needed_49_addsub0000_lut<0>)
     XORCY:LI->O           1   0.458   0.360  HH/Madd_old_total_gasoline_needed_49_addsub0000_xor<0> (HH/old_total_gasoline_needed_49_addsub0000<0>)
     LUT4:I3->O            1   0.612   0.426  HH/_old_total_gasoline_needed_49<0>1 (HH/_old_total_gasoline_needed_49<0>)
     LUT2:I1->O            1   0.612   0.000  HH/Madd__old_total_gasoline_needed_51_lut<0> (HH/Madd__old_total_gasoline_needed_51_lut<0>)
     XORCY:LI->O           2   0.458   0.383  HH/Madd__old_total_gasoline_needed_51_xor<0> (HH/_old_total_gasoline_needed_51<0>)
     LUT4:I3->O            1   0.612   0.000  HH/Madd_old_total_gasoline_needed_52_addsub0000_lut<0> (HH/Madd_old_total_gasoline_needed_52_addsub0000_lut<0>)
     XORCY:LI->O           1   0.458   0.387  HH/Madd_old_total_gasoline_needed_52_addsub0000_xor<0> (HH/old_total_gasoline_needed_52_addsub0000<0>)
     LUT3:I2->O            1   0.612   0.426  HH/_old_total_gasoline_needed_52<0>1 (HH/_old_total_gasoline_needed_52<0>)
     LUT2:I1->O            1   0.612   0.000  HH/Madd__old_total_gasoline_needed_54_lut<0> (HH/Madd__old_total_gasoline_needed_54_lut<0>)
     MUXCY:S->O            1   0.404   0.000  HH/Madd__old_total_gasoline_needed_54_cy<0> (HH/Madd__old_total_gasoline_needed_54_cy<0>)
     XORCY:CI->O           3   0.699   0.520  HH/Madd__old_total_gasoline_needed_54_xor<1> (HH/_old_total_gasoline_needed_54<1>)
     LUT2:I1->O            1   0.612   0.000  HH/Madd_old_total_gasoline_needed_55_addsub0000_lut<1> (HH/Madd_old_total_gasoline_needed_55_addsub0000_lut<1>)
     MUXCY:S->O            1   0.404   0.000  HH/Madd_old_total_gasoline_needed_55_addsub0000_cy<1> (HH/Madd_old_total_gasoline_needed_55_addsub0000_cy<1>)
     XORCY:CI->O           2   0.699   0.383  HH/Madd_old_total_gasoline_needed_55_addsub0000_xor<2> (HH/old_total_gasoline_needed_55_addsub0000<2>)
     LUT4:I3->O            0   0.612   0.000  HH/_old_total_gasoline_needed_55<2>1 (HH/_old_total_gasoline_needed_55<2>)
     MUXCY:DI->O           1   0.773   0.000  HH/Madd__old_total_gasoline_needed_57_cy<2> (HH/Madd__old_total_gasoline_needed_57_cy<2>)
     XORCY:CI->O           2   0.699   0.383  HH/Madd__old_total_gasoline_needed_57_xor<3> (HH/_old_total_gasoline_needed_57<3>)
     LUT4:I3->O            1   0.612   0.000  HH/Madd_old_total_gasoline_needed_58_addsub0000_lut<3> (HH/Madd_old_total_gasoline_needed_58_addsub0000_lut<3>)
     MUXCY:S->O            1   0.404   0.000  HH/Madd_old_total_gasoline_needed_58_addsub0000_cy<3> (HH/Madd_old_total_gasoline_needed_58_addsub0000_cy<3>)
     XORCY:CI->O           1   0.699   0.360  HH/Madd_old_total_gasoline_needed_58_addsub0000_xor<4> (HH/old_total_gasoline_needed_58_addsub0000<4>)
     LUT4:I3->O            1   0.612   0.360  HH/_old_total_gasoline_needed_58<4>1 (HH/_old_total_gasoline_needed_58<4>)
     LUT4:I3->O            1   0.612   0.000  HH/Madd__old_total_gasoline_needed_62_Madd_lut<4> (HH/Madd__old_total_gasoline_needed_62_Madd_lut<4>)
     MUXCY:S->O            1   0.404   0.000  HH/Madd__old_total_gasoline_needed_62_Madd_cy<4> (HH/Madd__old_total_gasoline_needed_62_Madd_cy<4>)
     MUXCY:CI->O           1   0.052   0.000  HH/Madd__old_total_gasoline_needed_62_Madd_cy<5> (HH/Madd__old_total_gasoline_needed_62_Madd_cy<5>)
     XORCY:CI->O           1   0.699   0.509  HH/Madd__old_total_gasoline_needed_62_Madd_xor<6> (HH/_old_total_gasoline_needed_62<6>)
     LUT1:I0->O            1   0.612   0.000  HH/Madd_total_gasoline_needed_add0000_cy<6>_rt (HH/Madd_total_gasoline_needed_add0000_cy<6>_rt)
     MUXCY:S->O            0   0.404   0.000  HH/Madd_total_gasoline_needed_add0000_cy<6> (HH/Madd_total_gasoline_needed_add0000_cy<6>)
     XORCY:CI->O           1   0.699   0.000  HH/Madd_total_gasoline_needed_add0000_xor<7> (HH/total_gasoline_needed_add0000<7>)
     FDS:D                     0.268          HH/total_gasoline_needed_7
    ----------------------------------------
    Total                     38.633ns (25.946ns logic, 12.686ns route)
                                       (67.2% logic, 32.8% route)

=========================================================================
Timing constraint: Default OFFSET OUT AFTER for Clock 'mclk'
  Total number of paths / destination ports: 109 / 12
-------------------------------------------------------------------------
Offset:              8.230ns (Levels of Logic = 5)
  Source:            sevenseg_refresh_counter_17 (FF)
  Destination:       seg<2> (PAD)
  Source Clock:      mclk rising

  Data Path: sevenseg_refresh_counter_17 to seg<2>
                                Gate     Net
    Cell:in->out      fanout   Delay   Delay  Logical Name (Net Name)
    ----------------------------------------  ------------
     FD:C->Q              17   0.514   0.962  sevenseg_refresh_counter_17 (sevenseg_refresh_counter_17)
     LUT4:I1->O            1   0.612   0.360  Mmux__old_tmp_digit_2_43_SW0 (N969)
     LUT4:I3->O            1   0.612   0.000  Mmux__old_tmp_digit_2_43 (Mmux__old_tmp_digit_2_43)
     MUXF5:I0->O           7   0.278   0.754  Mmux__old_tmp_digit_2_2_f5_2 (_old_tmp_digit_2<3>)
     LUT4:I0->O            1   0.612   0.357  Mrom_seg21 (seg_2_OBUF)
     OBUF:I->O                 3.169          seg_2_OBUF (seg<2>)
    ----------------------------------------
    Total                      8.230ns (5.797ns logic, 2.433ns route)
                                       (70.4% logic, 29.6% route)

=========================================================================
Timing constraint: Default OFFSET OUT AFTER for Clock 'clk1'
  Total number of paths / destination ports: 10834 / 16
-------------------------------------------------------------------------
Offset:              12.956ns (Levels of Logic = 9)
  Source:            HH/total_diesel_needed_7 (FF)
  Destination:       seg<5> (PAD)
  Source Clock:      clk1 rising

  Data Path: HH/total_diesel_needed_7 to seg<5>
                                Gate     Net
    Cell:in->out      fanout   Delay   Delay  Logical Name (Net Name)
    ----------------------------------------  ------------
     FDS:C->Q              8   0.514   0.795  HH/total_diesel_needed_7 (HH/total_diesel_needed_7)
     LUT4:I0->O            4   0.612   0.651  b2bcd2/m2/Mrom_out11 (b2bcd2/c2<0>)
     LUT4:I0->O            4   0.612   0.651  b2bcd2/m3/Mrom_out111 (b2bcd2/c3<1>)
     LUT4:I0->O            4   0.612   0.651  b2bcd2/m4/Mrom_out11 (b2bcd2/c4<0>)
     LUT4:I0->O            1   0.612   0.509  old_tmp_digit_2_mux0003<2>43_SW0 (N961)
     LUT4:I0->O            1   0.612   0.426  old_tmp_digit_2_mux0003<2>43 (old_tmp_digit_2_mux0003<2>43)
     LUT4:I1->O            1   0.612   0.000  Mmux__old_tmp_digit_2_42 (Mmux__old_tmp_digit_2_42)
     MUXF5:I0->O           7   0.278   0.671  Mmux__old_tmp_digit_2_2_f5_1 (_old_tmp_digit_2<2>)
     LUT4:I1->O            1   0.612   0.357  Mrom_seg51 (seg_5_OBUF)
     OBUF:I->O                 3.169          seg_5_OBUF (seg<5>)
    ----------------------------------------
    Total                     12.956ns (8.245ns logic, 4.711ns route)
                                       (63.6% logic, 36.4% route)

=========================================================================
Timing constraint: Default path analysis
  Total number of paths / destination ports: 126 / 7
-------------------------------------------------------------------------
Delay:               10.340ns (Levels of Logic = 8)
  Source:            btn<1> (PAD)
  Destination:       seg<6> (PAD)

  Data Path: btn<1> to seg<6>
                                Gate     Net
    Cell:in->out      fanout   Delay   Delay  Logical Name (Net Name)
    ----------------------------------------  ------------
     IBUF:I->O            16   1.106   1.031  btn_1_IBUF (btn_1_IBUF)
     LUT3:I0->O            2   0.612   0.532  old_tmp_digit_2_mux0002<2>2 (old_tmp_digit_2_mux0002<2>2)
     LUT4:I0->O            1   0.612   0.000  old_tmp_digit_2_mux0002<2>93_G (N1110)
     MUXF5:I1->O           1   0.278   0.387  old_tmp_digit_2_mux0002<2>93 (old_tmp_digit_2_mux0002<2>)
     LUT3:I2->O            1   0.612   0.000  Mmux__old_tmp_digit_2_41 (Mmux__old_tmp_digit_2_41)
     MUXF5:I0->O           7   0.278   0.754  Mmux__old_tmp_digit_2_2_f5_0 (_old_tmp_digit_2<1>)
     LUT4:I0->O            1   0.612   0.357  Mrom_seg41 (seg_4_OBUF)
     OBUF:I->O                 3.169          seg_4_OBUF (seg<4>)
    ----------------------------------------
    Total                     10.340ns (7.279ns logic, 3.061ns route)
                                       (70.4% logic, 29.6% route)

=========================================================================


Total REAL time to Xst completion: 17.00 secs
Total CPU time to Xst completion: 17.37 secs
 
--> 

Total memory usage is 265880 kilobytes

Number of errors   :    0 (   0 filtered)
Number of warnings :   20 (   0 filtered)
Number of infos    :    1 (   0 filtered)

